[     435ms] [WARNING] Error with Permissions-Policy header: Unrecognized feature: 'bluetooth'. @ :0
[    4997ms] [INFO] Banner not shown: beforeinstallpromptevent.preventDefault() called. The page must call beforeinstallpromptevent.prompt() to show the banner. @ https://www.instagram.com/jmstechsupport/:0
[    5988ms] [LOG] 
%cStop! font-family:helvetica; font-size:20px; font-size:50px; font-weight:bold; color:red; -webkit-text-stroke:1px black; @ https://static.cdninstagram.com/rsrc.php/v4iZvR4/yt/l/en_US/evL6ANyjc9cbVMwazDVz7m.js:8
[    5989ms] [LOG] 
%cThis is a browser feature intended for developers. If someone told you to copy-paste something here to enable an Instagram feature or "hack" someone's account, it is a scam and will give them access to your Instagram account. font-family:helvetica; font-size:20px;  @ https://static.cdninstagram.com/rsrc.php/v4iZvR4/yt/l/en_US/evL6ANyjc9cbVMwazDVz7m.js:8
[    5989ms] [LOG] 
%cSee https://www.facebook.com/selfxss for more information. font-family:helvetica; font-size:20px;  @ https://static.cdninstagram.com/rsrc.php/v4iZvR4/yt/l/en_US/evL6ANyjc9cbVMwazDVz7m.js:8
[    5990ms] [LOG] 
%c  @ https://static.cdninstagram.com/rsrc.php/v4iZvR4/yt/l/en_US/evL6ANyjc9cbVMwazDVz7m.js:8
[   14027ms] [VERBOSE] [DOM] Input elements should have autocomplete attributes (suggested: "current-password"): (More info: https://goo.gl/9p2vKq) %o @ https://www.instagram.com/accounts/login/?source=desktop_dynamic_landing_dialog:0
[   20274ms] [WARNING] Error with Permissions-Policy header: Unrecognized feature: 'bluetooth'. @ :0
[   21116ms] [VERBOSE] [DOM] Input elements should have autocomplete attributes (suggested: "current-password"): (More info: https://goo.gl/9p2vKq) %o @ https://www.facebook.com/login.php?next=https%3A%2F%2Fwww.facebook.com%2Foidc%2F%3Fapp_id%3D124024574287414%26redirect_uri%3Dhttps%253A%252F%252Fwww.instagram.com%252Faccounts%252Fsignupviafb%252F%26response_type%3Dcode%26scope%3Dopenid%2Bemail%2Bprofile%2Blinking%26state%3DATrPtnAMtjFKDmQcAhHO133INEdplu4PTty3FmFUwwPA4q8IzpjvE1E3qc0ot6_YyzaSpgdGm0IS9IgwviChSZqFoTcAZ4YLrUS87Cwv1Xw2HFT-4eCbnM0q-hDSLjlXOoI1qc2abnI8SfRKpkdN-9hHr56xuPQwNGRS7YnoCU8X21srZM5L163DsgaCCoK0HtxCyu610iitH6dyjEkVodgYjqZLAJ6wjawWzYO-CQw45xuGNW3e75Cn-WZ5VGNENYmGWy82LlEyFR8nqTfEP_sUiw:0
[   23131ms] [VERBOSE] [DOM] Input elements should have autocomplete attributes (suggested: "current-password"): (More info: https://goo.gl/9p2vKq) %o @ https://www.facebook.com/login.php?next=https%3A%2F%2Fwww.facebook.com%2Foidc%2F%3Fapp_id%3D124024574287414%26redirect_uri%3Dhttps%253A%252F%252Fwww.instagram.com%252Faccounts%252Fsignupviafb%252F%26response_type%3Dcode%26scope%3Dopenid%2Bemail%2Bprofile%2Blinking%26state%3DATrPtnAMtjFKDmQcAhHO133INEdplu4PTty3FmFUwwPA4q8IzpjvE1E3qc0ot6_YyzaSpgdGm0IS9IgwviChSZqFoTcAZ4YLrUS87Cwv1Xw2HFT-4eCbnM0q-hDSLjlXOoI1qc2abnI8SfRKpkdN-9hHr56xuPQwNGRS7YnoCU8X21srZM5L163DsgaCCoK0HtxCyu610iitH6dyjEkVodgYjqZLAJ6wjawWzYO-CQw45xuGNW3e75Cn-WZ5VGNENYmGWy82LlEyFR8nqTfEP_sUiw:0
[   23784ms] [WARNING] Canvas2D: Multiple readback operations using getImageData are faster with the willReadFrequently attribute set to true. See: https://html.spec.whatwg.org/multipage/canvas.html#concept-canvas-will-read-frequently @ https://static.xx.fbcdn.net/rsrc.php/v4ids44/y6/l/en_GB-j/HrbLgzv8szWVCchHgePMdwbQ-aFxsDHQURHINSLok7kqWJukooR-9Nva5BXqhTg_NQ1IIh7dwrBaqRi7mWBMSxEc72OqDwSuA8YYCPfv43i0iwa7eSNpDNxgKVIPNHOqVL96GSBvj8_FEnWrruBGGEYFdGhwCEsLVMyJV6uBpr9kvHpchlOg4ZYKX0hp0eU_FqQ44eqm8HXN6FrYZV15tj8h63LNAdF4Q4yS3Q5XV_vKBEegn7yLIhLjdtTF563T-omr2qwML2OjEpNOBjYRtKQGwG0ihEa-9ML_Y_MRXHBlvxuIMFsRSR_169Kn2AO9V3TtN2HhP5.js:343
[   24571ms] [LOG] 
%cStop! font-family:helvetica; font-size:20px; font-size:50px; font-weight:bold; color:red; -webkit-text-stroke:1px black; @ https://static.xx.fbcdn.net/rsrc.php/v4/yH/r/9sDL02NfWBc.js:246
[   24571ms] [LOG] 
%cThis is a browser feature intended for developers. If someone told you to copy and paste something here to enable a Facebook feature or "hack" someone's account, it's a scam and will give them access to your Facebook account. font-family:helvetica; font-size:20px;  @ https://static.xx.fbcdn.net/rsrc.php/v4/yH/r/9sDL02NfWBc.js:246
[   24571ms] [LOG] 
%cSee https://www.facebook.com/selfxss for more information. font-family:helvetica; font-size:20px;  @ https://static.xx.fbcdn.net/rsrc.php/v4/yH/r/9sDL02NfWBc.js:246
[   24572ms] [LOG] 
%c  @ https://static.xx.fbcdn.net/rsrc.php/v4/yH/r/9sDL02NfWBc.js:246
